mkdir -p artifacts
/home/liuguoquan/.venvs/ascendnpuir/lib/python3.12/site-packages/ascendnpuir/bin/bishengir-opt vecadd_host_for_cpu.mlir \
  --execution-engine-convert-hivm-to-upstream \
  -o artifacts/vecadd_host_linalg.mlir
./normalize_text.py artifacts/vecadd_host_linalg.mlir
/home/liuguoquan/.venvs/ascendnpuir/lib/python3.12/site-packages/ascendnpuir/bin/bishengir-opt vecadd_host_for_cpu.mlir \
  --lower-for-cpu-runner-pipeline='wrapper-name=main_wrapper' \
  -o artifacts/vecadd_host_cpu_pipeline.mlir
./normalize_text.py artifacts/vecadd_host_cpu_pipeline.mlir
/home/liuguoquan/.venvs/ascendnpuir/lib/python3.12/site-packages/ascendnpuir/bin/bishengir-opt vecadd_host_for_cpu.mlir \
  --lower-for-cpu-runner-pipeline='wrapper-name=main_wrapper' \
  --dump-pass-pipeline -o /dev/null \
  > artifacts/cpu_runner_pipeline.txt 2>&1
./normalize_text.py artifacts/cpu_runner_pipeline.txt
mkdir -p artifacts
/home/liuguoquan/.venvs/ascendnpuir/lib/python3.12/site-packages/ascendnpuir/bin/bishengir-opt vecadd.mlir \
  --hivm-infer-func-core-type \
  -o artifacts/vecadd_hivm-infer-func-core-type.mlir
./normalize_text.py artifacts/vecadd_hivm-infer-func-core-type.mlir
/home/liuguoquan/.venvs/ascendnpuir/lib/python3.12/site-packages/ascendnpuir/bin/bishengir-opt artifacts/vecadd_hivm-infer-func-core-type.mlir \
  --hivm-plan-memory \
  -o artifacts/vecadd_hivm_core_plan.mlir
./normalize_text.py artifacts/vecadd_hivm_core_plan.mlir
/home/liuguoquan/.venvs/ascendnpuir/lib/python3.12/site-packages/ascendnpuir/bin/bishengir-opt artifacts/vecadd_hivm_core_plan.mlir \
  --hivm-inject-sync \
  -o artifacts/vecadd_hivm_sync.mlir
./normalize_text.py artifacts/vecadd_hivm_sync.mlir
test -s artifacts/vecadd_host_linalg.mlir
test -s artifacts/vecadd_host_cpu_pipeline.mlir
test -s artifacts/vecadd_hivm_sync.mlir
grep -q 'linalg.add' artifacts/vecadd_host_linalg.mlir
grep -q 'llvm.func @main_wrapper' artifacts/vecadd_host_cpu_pipeline.mlir
grep -q 'hivm.hir.set_flag' artifacts/vecadd_hivm_sync.mlir
grep -q 'hivm.hir.wait_flag' artifacts/vecadd_hivm_sync.mlir
PASS: MLIR lowering evidence verified
